[32m[Nest] 22798  - [39m21:36:18 29/05/2026 [32m    LOG[39m [38;5;3m[NestFactory] [39m[32mStarting Nest application...[39m
[32m[Nest] 22798  - [39m21:36:18 29/05/2026 [32m    LOG[39m [38;5;3m[InstanceLoader] [39m[32mAppModule dependencies initialized[39m[38;5;3m +29ms[39m
[32m[Nest] 22798  - [39m21:36:18 29/05/2026 [32m    LOG[39m [38;5;3m[InstanceLoader] [39m[32mPrismaModule dependencies initialized[39m[38;5;3m +0ms[39m
[32m[Nest] 22798  - [39m21:36:18 29/05/2026 [32m    LOG[39m [38;5;3m[InstanceLoader] [39m[32mBullModule dependencies initialized[39m[38;5;3m +0ms[39m
[32m[Nest] 22798  - [39m21:36:18 29/05/2026 [32m    LOG[39m [38;5;3m[InstanceLoader] [39m[32mAiModule dependencies initialized[39m[38;5;3m +0ms[39m
[32m[Nest] 22798  - [39m21:36:18 29/05/2026 [32m    LOG[39m [38;5;3m[InstanceLoader] [39m[32mAiModule dependencies initialized[39m[38;5;3m +1ms[39m
[32m[Nest] 22798  - [39m21:36:18 29/05/2026 [32m    LOG[39m [38;5;3m[InstanceLoader] [39m[32mDiscoveryModule dependencies initialized[39m[38;5;3m +0ms[39m
[32m[Nest] 22798  - [39m21:36:18 29/05/2026 [32m    LOG[39m [38;5;3m[InstanceLoader] [39m[32mRetrievalModule dependencies initialized[39m[38;5;3m +1ms[39m
[32m[Nest] 22798  - [39m21:36:18 29/05/2026 [32m    LOG[39m [38;5;3m[InstanceLoader] [39m[32mEventLogModule dependencies initialized[39m[38;5;3m +0ms[39m
[32m[Nest] 22798  - [39m21:36:18 29/05/2026 [32m    LOG[39m [38;5;3m[InstanceLoader] [39m[32mEmbeddingModule dependencies initialized[39m[38;5;3m +0ms[39m
[32m[Nest] 22798  - [39m21:36:18 29/05/2026 [32m    LOG[39m [38;5;3m[InstanceLoader] [39m[32mDocumentModule dependencies initialized[39m[38;5;3m +4ms[39m
[32m[Nest] 22798  - [39m21:36:18 29/05/2026 [32m    LOG[39m [38;5;3m[InstanceLoader] [39m[32mBullModule dependencies initialized[39m[38;5;3m +0ms[39m
[32m[Nest] 22798  - [39m21:36:18 29/05/2026 [32m    LOG[39m [38;5;3m[InstanceLoader] [39m[32mBullModule dependencies initialized[39m[38;5;3m +0ms[39m
[32m[Nest] 22798  - [39m21:36:18 29/05/2026 [32m    LOG[39m [38;5;3m[InstanceLoader] [39m[32mBullModule dependencies initialized[39m[38;5;3m +0ms[39m
[32m[Nest] 22798  - [39m21:36:18 29/05/2026 [32m    LOG[39m [38;5;3m[InstanceLoader] [39m[32mBullModule dependencies initialized[39m[38;5;3m +0ms[39m
[32m[Nest] 22798  - [39m21:36:18 29/05/2026 [32m    LOG[39m [38;5;3m[InstanceLoader] [39m[32mArtifactModule dependencies initialized[39m[38;5;3m +0ms[39m
[32m[Nest] 22798  - [39m21:36:18 29/05/2026 [32m    LOG[39m [38;5;3m[InstanceLoader] [39m[32mGraphModule dependencies initialized[39m[38;5;3m +0ms[39m
[32m[Nest] 22798  - [39m21:36:18 29/05/2026 [32m    LOG[39m [38;5;3m[InstanceLoader] [39m[32mEvidenceModule dependencies initialized[39m[38;5;3m +0ms[39m
[32m[Nest] 22798  - [39m21:36:18 29/05/2026 [32m    LOG[39m [38;5;3m[InstanceLoader] [39m[32mQueueModule dependencies initialized[39m[38;5;3m +0ms[39m
[32m[Nest] 22798  - [39m21:36:18 29/05/2026 [32m    LOG[39m [38;5;3m[InstanceLoader] [39m[32mProjectModule dependencies initialized[39m[38;5;3m +0ms[39m
[32m[Nest] 22798  - [39m21:36:18 29/05/2026 [32m    LOG[39m [38;5;3m[InstanceLoader] [39m[32mRepositoryModule dependencies initialized[39m[38;5;3m +0ms[39m
[32m[Nest] 22798  - [39m21:36:18 29/05/2026 [32m    LOG[39m [38;5;3m[InstanceLoader] [39m[32mRequirementModule dependencies initialized[39m[38;5;3m +0ms[39m
[32m[Nest] 22798  - [39m21:36:18 29/05/2026 [32m    LOG[39m [38;5;3m[InstanceLoader] [39m[32mInsightModule dependencies initialized[39m[38;5;3m +0ms[39m
[32m[Nest] 22798  - [39m21:36:18 29/05/2026 [32m    LOG[39m [38;5;3m[InstanceLoader] [39m[32mTraceabilityModule dependencies initialized[39m[38;5;3m +1ms[39m
[32m[Nest] 22798  - [39m21:36:18 29/05/2026 [32m    LOG[39m [38;5;3m[InstanceLoader] [39m[32mImpactAnalysisModule dependencies initialized[39m[38;5;3m +0ms[39m
[32m[Nest] 22798  - [39m21:36:18 29/05/2026 [32m    LOG[39m [38;5;3m[InstanceLoader] [39m[32mScannerModule dependencies initialized[39m[38;5;3m +0ms[39m
[32m[Nest] 22798  - [39m21:36:18 29/05/2026 [32m    LOG[39m [38;5;3m[RoutesResolver] [39m[32mProjectController {/api/v1/projects}:[39m[38;5;3m +22ms[39m
[32m[Nest] 22798  - [39m21:36:18 29/05/2026 [32m    LOG[39m [38;5;3m[RouterExplorer] [39m[32mMapped {/api/v1/projects, POST} route[39m[38;5;3m +2ms[39m
[32m[Nest] 22798  - [39m21:36:18 29/05/2026 [32m    LOG[39m [38;5;3m[RoutesResolver] [39m[32mRepositoryController {/api/v1/projects/:projectId/repositories}:[39m[38;5;3m +0ms[39m
[32m[Nest] 22798  - [39m21:36:18 29/05/2026 [32m    LOG[39m [38;5;3m[RouterExplorer] [39m[32mMapped {/api/v1/projects/:projectId/repositories, POST} route[39m[38;5;3m +0ms[39m
[32m[Nest] 22798  - [39m21:36:18 29/05/2026 [32m    LOG[39m [38;5;3m[RouterExplorer] [39m[32mMapped {/api/v1/projects/:projectId/repositories, GET} route[39m[38;5;3m +1ms[39m
[32m[Nest] 22798  - [39m21:36:18 29/05/2026 [32m    LOG[39m [38;5;3m[RouterExplorer] [39m[32mMapped {/api/v1/projects/:projectId/repositories/:repositoryId, GET} route[39m[38;5;3m +0ms[39m
[32m[Nest] 22798  - [39m21:36:18 29/05/2026 [32m    LOG[39m [38;5;3m[RoutesResolver] [39m[32mScanJobController {/api/v1/repositories/:repositoryId/scan-jobs}:[39m[38;5;3m +0ms[39m
[32m[Nest] 22798  - [39m21:36:18 29/05/2026 [32m    LOG[39m [38;5;3m[RouterExplorer] [39m[32mMapped {/api/v1/repositories/:repositoryId/scan-jobs/:scanJobId, GET} route[39m[38;5;3m +0ms[39m
[32m[Nest] 22798  - [39m21:36:18 29/05/2026 [32m    LOG[39m [38;5;3m[RouterExplorer] [39m[32mMapped {/api/v1/repositories/:repositoryId/scan-jobs, POST} route[39m[38;5;3m +0ms[39m
[32m[Nest] 22798  - [39m21:36:18 29/05/2026 [32m    LOG[39m [38;5;3m[RoutesResolver] [39m[32mArtifactController {/api/v1}:[39m[38;5;3m +1ms[39m
[32m[Nest] 22798  - [39m21:36:18 29/05/2026 [32m    LOG[39m [38;5;3m[RouterExplorer] [39m[32mMapped {/api/v1/snapshots/:snapshotId/artifacts, GET} route[39m[38;5;3m +0ms[39m
[32m[Nest] 22798  - [39m21:36:18 29/05/2026 [32m    LOG[39m [38;5;3m[RoutesResolver] [39m[32mRequirementController {/api/v1}:[39m[38;5;3m +0ms[39m
[32m[Nest] 22798  - [39m21:36:18 29/05/2026 [32m    LOG[39m [38;5;3m[RouterExplorer] [39m[32mMapped {/api/v1/projects/:projectId/requirements, POST} route[39m[38;5;3m +0ms[39m
[32m[Nest] 22798  - [39m21:36:18 29/05/2026 [32m    LOG[39m [38;5;3m[RouterExplorer] [39m[32mMapped {/api/v1/requirements/:requirementId/revisions, POST} route[39m[38;5;3m +0ms[39m
[32m[Nest] 22798  - [39m21:36:18 29/05/2026 [32m    LOG[39m [38;5;3m[RouterExplorer] [39m[32mMapped {/api/v1/requirement-revisions/:revisionId/qualify, POST} route[39m[38;5;3m +1ms[39m
[32m[Nest] 22798  - [39m21:36:18 29/05/2026 [32m    LOG[39m [38;5;3m[RouterExplorer] [39m[32mMapped {/api/v1/projects/:projectId/requirements, GET} route[39m[38;5;3m +0ms[39m
[32m[Nest] 22798  - [39m21:36:18 29/05/2026 [32m    LOG[39m [38;5;3m[RouterExplorer] [39m[32mMapped {/api/v1/projects/:projectId/requirements/:requirementId, GET} route[39m[38;5;3m +0ms[39m
[32m[Nest] 22798  - [39m21:36:18 29/05/2026 [32m    LOG[39m [38;5;3m[RoutesResolver] [39m[32mImpactAnalysisController {/api/v1}:[39m[38;5;3m +0ms[39m
[32m[Nest] 22798  - [39m21:36:18 29/05/2026 [32m    LOG[39m [38;5;3m[RouterExplorer] [39m[32mMapped {/api/v1/requirement-revisions/:revisionId/impact-analyses, POST} route[39m[38;5;3m +0ms[39m
[32m[Nest] 22798  - [39m21:36:18 29/05/2026 [32m    LOG[39m [38;5;3m[RouterExplorer] [39m[32mMapped {/api/v1/impact-analyses/:analysisId, GET} route[39m[38;5;3m +0ms[39m
[32m[Nest] 22798  - [39m21:36:18 29/05/2026 [32m    LOG[39m [38;5;3m[RouterExplorer] [39m[32mMapped {/api/v1/impact-analyses/:analysisId/finalize, POST} route[39m[38;5;3m +0ms[39m
[32m[Nest] 22798  - [39m21:36:18 29/05/2026 [32m    LOG[39m [38;5;3m[RoutesResolver] [39m[32mDocumentController {/api/v1}:[39m[38;5;3m +1ms[39m
[32m[Nest] 22798  - [39m21:36:18 29/05/2026 [32m    LOG[39m [38;5;3m[RouterExplorer] [39m[32mMapped {/api/v1/impact-analyses/:analysisId/documents, GET} route[39m[38;5;3m +0ms[39m
[32m[Nest] 22798  - [39m21:36:18 29/05/2026 [32m    LOG[39m [38;5;3m[RouterExplorer] [39m[32mMapped {/api/v1/impact-analyses/:analysisId/approved-report, GET} route[39m[38;5;3m +0ms[39m
[32m[Nest] 22798  - [39m21:36:18 29/05/2026 [32m    LOG[39m [38;5;3m[RoutesResolver] [39m[32mGraphController {/api/v1}:[39m[38;5;3m +0ms[39m
[32m[Nest] 22798  - [39m21:36:18 29/05/2026 [32m    LOG[39m [38;5;3m[RouterExplorer] [39m[32mMapped {/api/v1/snapshots/:snapshotId/graph, GET} route[39m[38;5;3m +0ms[39m
[32m[Nest] 22798  - [39m21:36:18 29/05/2026 [32m    LOG[39m [38;5;3m[RoutesResolver] [39m[32mInsightController {/api/v1}:[39m[38;5;3m +0ms[39m
[32m[Nest] 22798  - [39m21:36:18 29/05/2026 [32m    LOG[39m [38;5;3m[RouterExplorer] [39m[32mMapped {/api/v1/impact-analyses/:analysisId/insights, GET} route[39m[38;5;3m +0ms[39m
[32m[Nest] 22798  - [39m21:36:18 29/05/2026 [32m    LOG[39m [38;5;3m[RouterExplorer] [39m[32mMapped {/api/v1/insights/:insightId/confirm, POST} route[39m[38;5;3m +0ms[39m
[32m[Nest] 22798  - [39m21:36:18 29/05/2026 [32m    LOG[39m [38;5;3m[RouterExplorer] [39m[32mMapped {/api/v1/insights/:insightId/reject, POST} route[39m[38;5;3m +0ms[39m
[32m[Nest] 22798  - [39m21:36:18 29/05/2026 [32m    LOG[39m [38;5;3m[RouterExplorer] [39m[32mMapped {/api/v1/insights/:insightId/review, POST} route[39m[38;5;3m +0ms[39m
[32m[Nest] 22798  - [39m21:36:18 29/05/2026 [32m    LOG[39m [38;5;3m[RoutesResolver] [39m[32mTraceabilityController {/api/v1}:[39m[38;5;3m +1ms[39m
[32m[Nest] 22798  - [39m21:36:18 29/05/2026 [32m    LOG[39m [38;5;3m[RouterExplorer] [39m[32mMapped {/api/v1/impact-analyses/:analysisId/traceability, GET} route[39m[38;5;3m +0ms[39m
[32m[Nest] 22798  - [39m21:36:18 29/05/2026 [32m    LOG[39m [38;5;3m[RouterExplorer] [39m[32mMapped {/api/v1/traceability-links/:linkId/confirm, POST} route[39m[38;5;3m +0ms[39m
[32m[Nest] 22798  - [39m21:36:18 29/05/2026 [32m    LOG[39m [38;5;3m[RouterExplorer] [39m[32mMapped {/api/v1/traceability-links/:linkId/reject, POST} route[39m[38;5;3m +0ms[39m
[32m[Nest] 22798  - [39m21:36:18 29/05/2026 [32m    LOG[39m [38;5;3m[RouterExplorer] [39m[32mMapped {/api/v1/traceability-links/:linkId/review, POST} route[39m[38;5;3m +0ms[39m
[32m[Nest] 22798  - [39m21:36:18 29/05/2026 [32m    LOG[39m [38;5;3m[RoutesResolver] [39m[32mEvidenceController {/api/v1}:[39m[38;5;3m +0ms[39m
[32m[Nest] 22798  - [39m21:36:18 29/05/2026 [32m    LOG[39m [38;5;3m[RouterExplorer] [39m[32mMapped {/api/v1/impact-analyses/:analysisId/evidence, GET} route[39m[38;5;3m +0ms[39m
[32m[Nest] 22798  - [39m21:36:18 29/05/2026 [32m    LOG[39m [38;5;3m[NestApplication] [39m[32mNest application successfully started[39m[38;5;3m +54ms[39m
createScanJob: CreateScanJobUseCase {
  scanJobRepository: ScanJobRepository {
    prisma: {
      _originalClient: [Object],
      _runtimeDataModel: [Object],
      _requestHandler: [zr [RequestHandler]],
      _connectionPromise: undefined,
      _disconnectionPromise: undefined,
      _engineConfig: [Object],
      _accelerateEngineConfig: [Object],
      _clientVersion: '7.8.0',
      _errorFormat: 'colorless',
      _tracingHelper: fi {},
      _previewFeatures: [],
      _activeProvider: 'postgresql',
      _globalOmit: undefined,
      _extensions: [e],
      _engine: [jt],
      _appliedParent: [Object],
      _createPrismaPromise: [Function (anonymous)],
      '$extends': [Function: Ho],
      pool: [BoundPool],
      constructor: [class PrismaService extends t],
      onModuleInit: [AsyncFunction: onModuleInit],
      onModuleDestroy: [AsyncFunction: onModuleDestroy],
      project: [Object],
      repository: [Object],
      repositoryTarget: [Object],
      repositorySnapshot: [Object],
      scanJob: [Object],
      codeArtifact: [Object],
      dependencyEdge: [Object],
      evidence: [Object],
      requirement: [Object],
      requirementRevision: [Object],
      impactAnalysis: [Object],
      baInsight: [Object],
      insightEvidence: [Object],
      traceabilityLink: [Object],
      traceabilityEvidence: [Object],
      generatedDocument: [Object],
      domainEvent: [Object],
      embeddingChunk: [Object],
      '$parent': [Object],
      Symbol(): [Object]
    }
  },
  repositoryRepository: RepositoryRepository {
    prisma: {
      _originalClient: [Object],
      _runtimeDataModel: [Object],
      _requestHandler: [zr [RequestHandler]],
      _connectionPromise: undefined,
      _disconnectionPromise: undefined,
      _engineConfig: [Object],
      _accelerateEngineConfig: [Object],
      _clientVersion: '7.8.0',
      _errorFormat: 'colorless',
      _tracingHelper: fi {},
      _previewFeatures: [],
      _activeProvider: 'postgresql',
      _globalOmit: undefined,
      _extensions: [e],
      _engine: [jt],
      _appliedParent: [Object],
      _createPrismaPromise: [Function (anonymous)],
      '$extends': [Function: Ho],
      pool: [BoundPool],
      constructor: [class PrismaService extends t],
      onModuleInit: [AsyncFunction: onModuleInit],
      onModuleDestroy: [AsyncFunction: onModuleDestroy],
      project: [Object],
      repository: [Object],
      repositoryTarget: [Object],
      repositorySnapshot: [Object],
      scanJob: [Object],
      codeArtifact: [Object],
      dependencyEdge: [Object],
      evidence: [Object],
      requirement: [Object],
      requirementRevision: [Object],
      impactAnalysis: [Object],
      baInsight: [Object],
      insightEvidence: [Object],
      traceabilityLink: [Object],
      traceabilityEvidence: [Object],
      generatedDocument: [Object],
      domainEvent: [Object],
      embeddingChunk: [Object],
      '$parent': [Object],
      Symbol(): [Object]
    }
  },
  eventLog: EventLogService {
    repository: EventLogRepository { prisma: [Object] }
  },
  queueService: QueueService {
    impactQueue: Queue {
      _events: [Object: null prototype] {},
      _eventsCount: 0,
      _maxListeners: undefined,
      name: 'impact-analysis',
      opts: [Object],
      closed: false,
      hasBlockingConnection: false,
      connection: [RedisConnection],
      qualifiedName: 'bull:impact-analysis',
      keys: [Object],
      toKey: [Function (anonymous)],
      scripts: [Scripts],
      token: '0ae0751d-9b00-46a2-9713-510be90991e6',
      libName: 'bullmq',
      jobsOpts: {},
      onApplicationShutdown: [AsyncFunction (anonymous)],
      Symbol(shapeMode): false,
      Symbol(kCapture): false
    },
    embeddingQueue: Queue {
      _events: [Object: null prototype] {},
      _eventsCount: 0,
      _maxListeners: undefined,
      name: 'embedding',
      opts: [Object],
      closed: false,
      hasBlockingConnection: false,
      connection: [RedisConnection],
      qualifiedName: 'bull:embedding',
      keys: [Object],
      toKey: [Function (anonymous)],
      scripts: [Scripts],
      token: 'aa42569d-2c35-40b2-88bc-8c5d3169dfe5',
      libName: 'bullmq',
      jobsOpts: {},
      onApplicationShutdown: [AsyncFunction (anonymous)],
      Symbol(shapeMode): false,
      Symbol(kCapture): false
    },
    scanJobQueue: Queue {
      _events: [Object: null prototype] {},
      _eventsCount: 0,
      _maxListeners: undefined,
      name: 'scan-job',
      opts: [Object],
      closed: false,
      hasBlockingConnection: false,
      connection: [RedisConnection],
      qualifiedName: 'bull:scan-job',
      keys: [Object],
      toKey: [Function (anonymous)],
      scripts: [Scripts],
      token: '79db9a21-18c5-4924-a8ab-a07cc3989683',
      libName: 'bullmq',
      jobsOpts: {},
      onApplicationShutdown: [AsyncFunction (anonymous)],
      Symbol(shapeMode): false,
      Symbol(kCapture): false
    }
  }
}
scanJobRepository: ScanJobRepository {
  prisma: {
    _originalClient: {
      _originalClient: [Object],
      _runtimeDataModel: [Object],
      _requestHandler: [zr [RequestHandler]],
      _connectionPromise: undefined,
      _disconnectionPromise: undefined,
      _engineConfig: [Object],
      _accelerateEngineConfig: [Object],
      _clientVersion: '7.8.0',
      _errorFormat: 'colorless',
      _tracingHelper: fi {},
      _previewFeatures: [],
      _activeProvider: 'postgresql',
      _globalOmit: undefined,
      _extensions: [e],
      _engine: [jt],
      _appliedParent: [Object],
      _createPrismaPromise: [Function (anonymous)],
      '$extends': [Function: Ho],
      pool: [BoundPool]
    },
    _runtimeDataModel: { models: [Object], enums: {}, types: {} },
    _requestHandler: zr [RequestHandler] {
      client: [Object],
      dataloader: [Jr [DataLoader]],
      logEmitter: [EventEmitter]
    },
    _connectionPromise: undefined,
    _disconnectionPromise: undefined,
    _engineConfig: {
      enableDebugLogs: false,
      logLevel: undefined,
      logQueries: undefined,
      compilerWasm: [Object],
      clientVersion: '7.8.0',
      previewFeatures: [],
      activeProvider: 'postgresql',
      inlineSchema: 'generator client {\n' +
        '  provider = "prisma-client-js"\n' +
        '}\n' +
        '\n' +
        'datasource db {\n' +
        '  provider = "postgresql"\n' +
        '}\n' +
        '\n' +
        'enum ScanJobStatus {\n' +
        '  QUEUED\n' +
        '  RUNNING\n' +
        '  COMPLETED\n' +
        '  FAILED\n' +
        '  CANCELLED\n' +
        '}\n' +
        '\n' +
        'enum ScanJobStage {\n' +
        '  WAITING\n' +
        '  CLONING_REPO\n' +
        '  RESOLVING_SOURCE_REF\n' +
        '  DETECTING_PROJECT\n' +
        '  FILTERING_FILES\n' +
        '  EXTRACTING_ARTIFACTS\n' +
        '  BUILDING_GRAPH\n' +
        '  GENERATING_SUMMARIES\n' +
        '  DONE\n' +
        '}\n' +
        '\n' +
        'enum SnapshotCoverageStatus {\n' +
        '  READY\n' +
        '  PARTIAL\n' +
        '}\n' +
        '\n' +
        'enum SnapshotIndexStatus {\n' +
        '  NOT_INDEXED\n' +
        '  LEXICAL_READY\n' +
        '  VECTOR_INDEXING\n' +
        '  VECTOR_READY\n' +
        '  VECTOR_FAILED\n' +
        '}\n' +
        '\n' +
        'enum ResolvedRefType {\n' +
        '  BRANCH\n' +
        '  TAG\n' +
        '  COMMIT\n' +
        '}\n' +
        '\n' +
        'enum RequirementReadinessStatus {\n' +
        '  DRAFT\n' +
        '  READY_FOR_ANALYSIS\n' +
        '  NEEDS_CLARIFICATION\n' +
        '  ARCHIVED\n' +
        '}\n' +
        '\n' +
        'enum ImpactAnalysisStatus {\n' +
        '  QUEUED\n' +
        '  RUNNING\n' +
        '  WAITING_FOR_REVIEW\n' +
        '  COMPLETED\n' +
        '  FAILED\n' +
        '  CANCELLED\n' +
        '}\n' +
        '\n' +
        'enum ImpactAnalysisStage {\n' +
        '  WAITING\n' +
        '  RETRIEVING_EVIDENCE\n' +
        '  EXPANDING_GRAPH\n' +
        '  RUNNING_AI_REASONING\n' +
        '  GENERATING_INSIGHTS\n' +
        '  GENERATING_DOCUMENTS\n' +
        '  DONE\n' +
        '}\n' +
        '\n' +
        'enum EvidenceSourceType {\n' +
        '  CODE\n' +
        '  TEST\n' +
        '  STATIC_ANALYSIS\n' +
        '  REQUIREMENT_INPUT\n' +
        '  COVERAGE\n' +
        '  HUMAN_NOTE\n' +
        '}\n' +
        '\n' +
        'enum InsightCertainty {\n' +
        '  EVIDENCED\n' +
        '  INFERRED\n' +
        '  UNKNOWN\n' +
        '  CONFLICTING\n' +
        '}\n' +
        '\n' +
        'enum InsightType {\n' +
        '  CLAIM\n' +
        '  UNKNOWN\n' +
        '  QUESTION\n' +
        '  ACCEPTANCE_CRITERIA\n' +
        '  QA_SCENARIO\n' +
        '}\n' +
        '\n' +
        'enum TraceabilityLinkType {\n' +
        '  AFFECTED\n' +
        '  RELATED\n' +
        '}\n' +
        '\n' +
        'enum DocumentType {\n' +
        '  IMPACT_REPORT\n' +
        '}\n' +
        '\n' +
        'enum DocumentStatus {\n' +
        '  DRAFT\n' +
        '  APPROVED\n' +
        '}\n' +
        '\n' +
        'enum ReviewStatus {\n' +
        '  NEEDS_REVIEW\n' +
        '  CONFIRMED\n' +
        '  REJECTED\n' +
        '}\n' +
        '\n' +
        'enum TraceabilityLinkBasis {\n' +
        '  EVIDENCED\n' +
        '  INFERRED\n' +
        '}\n' +
        '\n' +
        'enum DependencyEdgeType {\n' +
        '  CALLS\n' +
        '  REFERENCES\n' +
        '  IMPORTS\n' +
        '  TESTS\n' +
        '}\n' +
        '\n' +
        'model Project {\n' +
        '  id           String        @id @default(uuid())\n' +
        '  name         String\n' +
        '  repositories Repository[]\n' +
        '  requirements Requirement[]\n' +
        '  createdAt    DateTime      @default(now())\n' +
        '  updatedAt    DateTime      @updatedAt\n' +
        '}\n' +
        '\n' +
        'model Repository {\n' +
        '  id           String               @id @default(uuid())\n' +
        '  projectId    String\n' +
        '  canonicalUrl String\n' +
        '  targets      RepositoryTarget[]\n' +
        '  snapshots    RepositorySnapshot[]\n' +
        '  scanJobs     ScanJob[]\n' +
        '  project      Project              @relation(fields: [projectId], references: [id])\n' +
        '  createdAt    DateTime             @default(now())\n' +
        '  updatedAt    DateTime             @updatedAt\n' +
        '\n' +
        '  @@unique([projectId, canonicalUrl])\n' +
        '}\n' +
        '\n' +
        'model RepositoryTarget {\n' +
        '  id                      String           @id @default(uuid())\n' +
        '  repositoryId            String\n' +
        '  targetKey               String\n' +
        '  requestedRef            String\n' +
        '  resolvedRefType         ResolvedRefType\n' +
        '  latestObservedCommitSha String\n' +
        '  lastObservedAt          DateTime\n' +
        '  repository              Repository       @relation(fields: [repositoryId], references: [id])\n' +
        '  analyses                ImpactAnalysis[]\n' +
        '  scanJobs                ScanJob[]\n' +
        '  createdAt               DateTime         @default(now())\n' +
        '  updatedAt               DateTime         @updatedAt\n' +
        '\n' +
        '  @@unique([repositoryId, targetKey])\n' +
        '}\n' +
        '\n' +
        'model RepositorySnapshot {\n' +
        '  id              String                 @id @default(uuid())\n' +
        '  repositoryId    String\n' +
        '  commitSha       String\n' +
        '  analyzerVersion String\n' +
        '  coverageStatus  SnapshotCoverageStatus\n' +
        '  indexStatus     SnapshotIndexStatus    @default(NOT_INDEXED)\n' +
        '  artifacts       CodeArtifact[]\n' +
        '  edges           DependencyEdge[]\n' +
        '  evidences       Evidence[]\n' +
        '  analyses        ImpactAnalysis[]\n' +
        '  scanJobs        ScanJob[]\n' +
        '  embeddingChunks EmbeddingChunk[]\n' +
        '  repository      Repository             @relation(fields: [repositoryId], references: [id])\n' +
        '  createdAt       DateTime               @default(now())\n' +
        '  updatedAt       DateTime               @updatedAt\n' +
        '\n' +
        '  @@unique([repositoryId, commitSha, analyzerVersion])\n' +
        '}\n' +
        '\n' +
        'model ScanJob {\n' +
        '  id             String              @id @default(uuid())\n' +
        '  repositoryId   String\n' +
        '  requestKey     String\n' +
        '  requestedRef   String?\n' +
        '  status         ScanJobStatus\n' +
        '  stage          ScanJobStage\n' +
        '  progress       Int                 @default(0)\n' +
        '  errorCode      String?\n' +
        '  errorMessage   String?\n' +
        '  sourceTargetId String?\n' +
        '  snapshotId     String?\n' +
        '  repository     Repository          @relation(fields: [repositoryId], references: [id])\n' +
        '  sourceTarget   RepositoryTarget?   @relation(fields: [sourceTargetId], references: [id])\n' +
        '  snapshot       RepositorySnapshot? @relation(fields: [snapshotId], references: [id])\n' +
        '  createdAt      DateTime            @default(now())\n' +
        '  updatedAt      DateTime            @updatedAt\n' +
        '\n' +
        '  @@unique([repositoryId, requestKey])\n' +
        '}\n' +
        '\n' +
        'model CodeArtifact {\n' +
        '  id                String             @id @default(uuid())\n' +
        '  snapshotId        String\n' +
        '  artifactKey       String\n' +
        '  name              String\n' +
        '  artifactType      String\n' +
        '  filePath          String\n' +
        '  startLine         Int?\n' +
        '  endLine           Int?\n' +
        '  language          String?\n' +
        '  snapshot          RepositorySnapshot @relation(fields: [snapshotId], references: [id])\n' +
        '  outgoingEdges     DependencyEdge[]   @relation("FromArtifact")\n' +
        '  incomingEdges     DependencyEdge[]   @relation("ToArtifact")\n' +
        '  evidences         Evidence[]\n' +
        '  traceabilityLinks TraceabilityLink[]\n' +
        '  embeddingChunks   EmbeddingChunk[]\n' +
        '  createdAt         DateTime           @default(now())\n' +
        '  updatedAt         DateTime           @updatedAt\n' +
        '\n' +
        '  @@unique([snapshotId, artifactKey])\n' +
        '}\n' +
        '\n' +
        'model DependencyEdge {\n' +
        '  id             String             @id @default(uuid())\n' +
        '  snapshotId     String\n' +
        '  fromArtifactId String\n' +
        '  toArtifactId   String\n' +
        '  type           DependencyEdgeType\n' +
        '  snapshot       RepositorySnapshot @relation(fields: [snapshotId], references: [id])\n' +
        '  fromArtifact   CodeArtifact       @relation("FromArtifact", fields: [fromArtifactId], references: [id])\n' +
        '  toArtifact     CodeArtifact       @relation("ToArtifact", fields: [toArtifactId], references: [id])\n' +
        '  createdAt      DateTime           @default(now())\n' +
        '\n' +
        '  @@unique([snapshotId, fromArtifactId, toArtifactId, type])\n' +
        '}\n' +
        '\n' +
        'model Evidence {\n' +
        '  id                    String                 @id @default(uuid())\n' +
        '  provenanceKey         String\n' +
        '  sourceType            EvidenceSourceType\n' +
        '  snapshotId            String?\n' +
        '  artifactId            String?\n' +
        '  requirementRevisionId String?\n' +
        '  sourcePath            String?\n' +
        '  startLine             Int?\n' +
        '  endLine               Int?\n' +
        '  excerpt               String\n' +
        '  contentHash           String\n' +
        '  isRedacted            Boolean                @default(false)\n' +
        '  redactionMetadata     Json?\n' +
        '  snapshot              RepositorySnapshot?    @relation(fields: [snapshotId], references: [id])\n' +
        '  artifact              CodeArtifact?          @relation(fields: [artifactId], references: [id])\n' +
        '  requirementRevision   RequirementRevision?   @relation(fields: [requirementRevisionId], references: [id])\n' +
        '  insightEvidence       InsightEvidence[]\n' +
        '  traceabilityEvidence  TraceabilityEvidence[]\n' +
        '  createdAt             DateTime               @default(now())\n' +
        '\n' +
        '  @@unique([provenanceKey])\n' +
        '}\n' +
        '\n' +
        'model Requirement {\n' +
        '  id        String                @id @default(uuid())\n' +
        '  projectId String\n' +
        '  revisions RequirementRevision[]\n' +
        '  project   Project               @relation(fields: [projectId], references: [id])\n' +
        '  createdAt DateTime              @default(now())\n' +
        '  updatedAt DateTime              @updatedAt\n' +
        '}\n' +
        '\n' +
        'model RequirementRevision {\n' +
        '  id               String                     @id @default(uuid())\n' +
        '  requirementId    String\n' +
        '  title            String\n' +
        '  rawText          String\n' +
        '  normalizedText   String\n' +
        '  readinessStatus  RequirementReadinessStatus\n' +
        '  validationIssues Json?\n' +
        '  requirement      Requirement                @relation(fields: [requirementId], references: [id])\n' +
        '  evidences        Evidence[]\n' +
        '  analyses         ImpactAnalysis[]\n' +
        '  createdAt        DateTime                   @default(now())\n' +
        '}\n' +
        '\n' +
        'model ImpactAnalysis {\n' +
        '  id                      String               @id @default(uuid())\n' +
        '  requirementRevisionId   String\n' +
        '  snapshotId              String\n' +
        '  sourceTargetId          String\n' +
        '  requestKey              String\n' +
        '  status                  ImpactAnalysisStatus\n' +
        '  stage                   ImpactAnalysisStage\n' +
        '  progress                Int                  @default(0)\n' +
        '  acceptedPartialCoverage Boolean              @default(false)\n' +
        '  coverageWarning         String?\n' +
        '  requirementRevision     RequirementRevision  @relation(fields: [requirementRevisionId], references: [id])\n' +
        '  snapshot                RepositorySnapshot   @relation(fields: [snapshotId], references: [id])\n' +
        '  sourceTarget            RepositoryTarget     @relation(fields: [sourceTargetId], references: [id])\n' +
        '  insights                BaInsight[]\n' +
        '  traceabilityLinks       TraceabilityLink[]\n' +
        '  documents               GeneratedDocument[]\n' +
        '  createdAt               DateTime             @default(now())\n' +
        '  updatedAt               DateTime             @updatedAt\n' +
        '\n' +
        '  @@unique([requirementRevisionId, snapshotId, sourceTargetId, requestKey])\n' +
        '}\n' +
        '\n' +
        'model BaInsight {\n' +
        '  id               String            @id @default(uuid())\n' +
        '  impactAnalysisId String\n' +
        '  insightKey       String\n' +
        '  insightType      InsightType\n' +
        '  certainty        InsightCertainty\n' +
        '  reviewStatus     ReviewStatus\n' +
        '  confidence       Float?\n' +
        '  title            String\n' +
        '  description      String\n' +
        '  reasoning        String?\n' +
        '  impactAnalysis   ImpactAnalysis    @relation(fields: [impactAnalysisId], references: [id])\n' +
        '  evidenceLinks    InsightEvidence[]\n' +
        '  createdAt        DateTime          @default(now())\n' +
        '  updatedAt        DateTime          @updatedAt\n' +
        '\n' +
        '  @@unique([impactAnalysisId, insightKey])\n' +
        '}\n' +
        '\n' +
        'model InsightEvidence {\n' +
        '  id         String    @id @default(uuid())\n' +
        '  insightId  String\n' +
        '  evidenceId String\n' +
        '  insight    BaInsight @relation(fields: [insightId], references: [id])\n' +
        '  evidence   Evidence  @relation(fields: [evidenceId], references: [id])\n' +
        '\n' +
        '  @@unique([insightId, evidenceId])\n' +
        '}\n' +
        '\n' +
        'model TraceabilityLink {\n' +
        '  id               String                 @id @default(uuid())\n' +
        '  impactAnalysisId String\n' +
        '  artifactId       String\n' +
        '  linkType         TraceabilityLinkType\n' +
        '  linkBasis        TraceabilityLinkBasis\n' +
        '  reviewStatus     ReviewStatus\n' +
        '  confidence       Float?\n' +
        '  impactAnalysis   ImpactAnalysis         @relation(fields: [impactAnalysisId], references: [id])\n' +
        '  artifact         CodeArtifact           @relation(fields: [artifactId], references: [id])\n' +
        '  evidenceLinks    TraceabilityEvidence[]\n' +
        '  createdAt        '... 2330 more characters,
      tracingHelper: fi {},
      transactionOptions: [Object],
      logEmitter: [EventEmitter],
      adapter: [PrismaPgAdapterFactory],
      accelerateUrl: undefined,
      sqlCommenters: undefined,
      parameterizationSchema: [Object],
      runtimeDataModel: [Object],
      queryPlanCacheMaxSize: undefined
    },
    _accelerateEngineConfig: { accelerateUtils: [Object] },
    _clientVersion: '7.8.0',
    _errorFormat: 'colorless',
    _tracingHelper: fi {},
    _previewFeatures: [],
    _activeProvider: 'postgresql',
    _globalOmit: undefined,
    _extensions: e { head: undefined },
    _engine: jt {
      name: 'ClientEngine',
      config: [Object],
      datamodel: 'generator client {\n' +
        '  provider = "prisma-client-js"\n' +
        '}\n' +
        '\n' +
        'datasource db {\n' +
        '  provider = "postgresql"\n' +
        '}\n' +
        '\n' +
        'enum ScanJobStatus {\n' +
        '  QUEUED\n' +
        '  RUNNING\n' +
        '  COMPLETED\n' +
        '  FAILED\n' +
        '  CANCELLED\n' +
        '}\n' +
        '\n' +
        'enum ScanJobStage {\n' +
        '  WAITING\n' +
        '  CLONING_REPO\n' +
        '  RESOLVING_SOURCE_REF\n' +
        '  DETECTING_PROJECT\n' +
        '  FILTERING_FILES\n' +
        '  EXTRACTING_ARTIFACTS\n' +
        '  BUILDING_GRAPH\n' +
        '  GENERATING_SUMMARIES\n' +
        '  DONE\n' +
        '}\n' +
        '\n' +
        'enum SnapshotCoverageStatus {\n' +
        '  READY\n' +
        '  PARTIAL\n' +
        '}\n' +
        '\n' +
        'enum SnapshotIndexStatus {\n' +
        '  NOT_INDEXED\n' +
        '  LEXICAL_READY\n' +
        '  VECTOR_INDEXING\n' +
        '  VECTOR_READY\n' +
        '  VECTOR_FAILED\n' +
        '}\n' +
        '\n' +
        'enum ResolvedRefType {\n' +
        '  BRANCH\n' +
        '  TAG\n' +
        '  COMMIT\n' +
        '}\n' +
        '\n' +
        'enum RequirementReadinessStatus {\n' +
        '  DRAFT\n' +
        '  READY_FOR_ANALYSIS\n' +
        '  NEEDS_CLARIFICATION\n' +
        '  ARCHIVED\n' +
        '}\n' +
        '\n' +
        'enum ImpactAnalysisStatus {\n' +
        '  QUEUED\n' +
        '  RUNNING\n' +
        '  WAITING_FOR_REVIEW\n' +
        '  COMPLETED\n' +
        '  FAILED\n' +
        '  CANCELLED\n' +
        '}\n' +
        '\n' +
        'enum ImpactAnalysisStage {\n' +
        '  WAITING\n' +
        '  RETRIEVING_EVIDENCE\n' +
        '  EXPANDING_GRAPH\n' +
        '  RUNNING_AI_REASONING\n' +
        '  GENERATING_INSIGHTS\n' +
        '  GENERATING_DOCUMENTS\n' +
        '  DONE\n' +
        '}\n' +
        '\n' +
        'enum EvidenceSourceType {\n' +
        '  CODE\n' +
        '  TEST\n' +
        '  STATIC_ANALYSIS\n' +
        '  REQUIREMENT_INPUT\n' +
        '  COVERAGE\n' +
        '  HUMAN_NOTE\n' +
        '}\n' +
        '\n' +
        'enum InsightCertainty {\n' +
        '  EVIDENCED\n' +
        '  INFERRED\n' +
        '  UNKNOWN\n' +
        '  CONFLICTING\n' +
        '}\n' +
        '\n' +
        'enum InsightType {\n' +
        '  CLAIM\n' +
        '  UNKNOWN\n' +
        '  QUESTION\n' +
        '  ACCEPTANCE_CRITERIA\n' +
        '  QA_SCENARIO\n' +
        '}\n' +
        '\n' +
        'enum TraceabilityLinkType {\n' +
        '  AFFECTED\n' +
        '  RELATED\n' +
        '}\n' +
        '\n' +
        'enum DocumentType {\n' +
        '  IMPACT_REPORT\n' +
        '}\n' +
        '\n' +
        'enum DocumentStatus {\n' +
        '  DRAFT\n' +
        '  APPROVED\n' +
        '}\n' +
        '\n' +
        'enum ReviewStatus {\n' +
        '  NEEDS_REVIEW\n' +
        '  CONFIRMED\n' +
        '  REJECTED\n' +
        '}\n' +
        '\n' +
        'enum TraceabilityLinkBasis {\n' +
        '  EVIDENCED\n' +
        '  INFERRED\n' +
        '}\n' +
        '\n' +
        'enum DependencyEdgeType {\n' +
        '  CALLS\n' +
        '  REFERENCES\n' +
        '  IMPORTS\n' +
        '  TESTS\n' +
        '}\n' +
        '\n' +
        'model Project {\n' +
        '  id           String        @id @default(uuid())\n' +
        '  name         String\n' +
        '  repositories Repository[]\n' +
        '  requirements Requirement[]\n' +
        '  createdAt    DateTime      @default(now())\n' +
        '  updatedAt    DateTime      @updatedAt\n' +
        '}\n' +
        '\n' +
        'model Repository {\n' +
        '  id           String               @id @default(uuid())\n' +
        '  projectId    String\n' +
        '  canonicalUrl String\n' +
        '  targets      RepositoryTarget[]\n' +
        '  snapshots    RepositorySnapshot[]\n' +
        '  scanJobs     ScanJob[]\n' +
        '  project      Project              @relation(fields: [projectId], references: [id])\n' +
        '  createdAt    DateTime             @default(now())\n' +
        '  updatedAt    DateTime             @updatedAt\n' +
        '\n' +
        '  @@unique([projectId, canonicalUrl])\n' +
        '}\n' +
        '\n' +
        'model RepositoryTarget {\n' +
        '  id                      String           @id @default(uuid())\n' +
        '  repositoryId            String\n' +
        '  targetKey               String\n' +
        '  requestedRef            String\n' +
        '  resolvedRefType         ResolvedRefType\n' +
        '  latestObservedCommitSha String\n' +
        '  lastObservedAt          DateTime\n' +
        '  repository              Repository       @relation(fields: [repositoryId], references: [id])\n' +
        '  analyses                ImpactAnalysis[]\n' +
        '  scanJobs                ScanJob[]\n' +
        '  createdAt               DateTime         @default(now())\n' +
        '  updatedAt               DateTime         @updatedAt\n' +
        '\n' +
        '  @@unique([repositoryId, targetKey])\n' +
        '}\n' +
        '\n' +
        'model RepositorySnapshot {\n' +
        '  id              String                 @id @default(uuid())\n' +
        '  repositoryId    String\n' +
        '  commitSha       String\n' +
        '  analyzerVersion String\n' +
        '  coverageStatus  SnapshotCoverageStatus\n' +
        '  indexStatus     SnapshotIndexStatus    @default(NOT_INDEXED)\n' +
        '  artifacts       CodeArtifact[]\n' +
        '  edges           DependencyEdge[]\n' +
        '  evidences       Evidence[]\n' +
        '  analyses        ImpactAnalysis[]\n' +
        '  scanJobs        ScanJob[]\n' +
        '  embeddingChunks EmbeddingChunk[]\n' +
        '  repository      Repository             @relation(fields: [repositoryId], references: [id])\n' +
        '  createdAt       DateTime               @default(now())\n' +
        '  updatedAt       DateTime               @updatedAt\n' +
        '\n' +
        '  @@unique([repositoryId, commitSha, analyzerVersion])\n' +
        '}\n' +
        '\n' +
        'model ScanJob {\n' +
        '  id             String              @id @default(uuid())\n' +
        '  repositoryId   String\n' +
        '  requestKey     String\n' +
        '  requestedRef   String?\n' +
        '  status         ScanJobStatus\n' +
        '  stage          ScanJobStage\n' +
        '  progress       Int                 @default(0)\n' +
        '  errorCode      String?\n' +
        '  errorMessage   String?\n' +
        '  sourceTargetId String?\n' +
        '  snapshotId     String?\n' +
        '  repository     Repository          @relation(fields: [repositoryId], references: [id])\n' +
        '  sourceTarget   RepositoryTarget?   @relation(fields: [sourceTargetId], references: [id])\n' +
        '  snapshot       RepositorySnapshot? @relation(fields: [snapshotId], references: [id])\n' +
        '  createdAt      DateTime            @default(now())\n' +
        '  updatedAt      DateTime            @updatedAt\n' +
        '\n' +
        '  @@unique([repositoryId, requestKey])\n' +
        '}\n' +
        '\n' +
        'model CodeArtifact {\n' +
        '  id                String             @id @default(uuid())\n' +
        '  snapshotId        String\n' +
        '  artifactKey       String\n' +
        '  name              String\n' +
        '  artifactType      String\n' +
        '  filePath          String\n' +
        '  startLine         Int?\n' +
        '  endLine           Int?\n' +
        '  language          String?\n' +
        '  snapshot          RepositorySnapshot @relation(fields: [snapshotId], references: [id])\n' +
        '  outgoingEdges     DependencyEdge[]   @relation("FromArtifact")\n' +
        '  incomingEdges     DependencyEdge[]   @relation("ToArtifact")\n' +
        '  evidences         Evidence[]\n' +
        '  traceabilityLinks TraceabilityLink[]\n' +
        '  embeddingChunks   EmbeddingChunk[]\n' +
        '  createdAt         DateTime           @default(now())\n' +
        '  updatedAt         DateTime           @updatedAt\n' +
        '\n' +
        '  @@unique([snapshotId, artifactKey])\n' +
        '}\n' +
        '\n' +
        'model DependencyEdge {\n' +
        '  id             String             @id @default(uuid())\n' +
        '  snapshotId     String\n' +
        '  fromArtifactId String\n' +
        '  toArtifactId   String\n' +
        '  type           DependencyEdgeType\n' +
        '  snapshot       RepositorySnapshot @relation(fields: [snapshotId], references: [id])\n' +
        '  fromArtifact   CodeArtifact       @relation("FromArtifact", fields: [fromArtifactId], references: [id])\n' +
        '  toArtifact     CodeArtifact       @relation("ToArtifact", fields: [toArtifactId], references: [id])\n' +
        '  createdAt      DateTime           @default(now())\n' +
        '\n' +
        '  @@unique([snapshotId, fromArtifactId, toArtifactId, type])\n' +
        '}\n' +
        '\n' +
        'model Evidence {\n' +
        '  id                    String                 @id @default(uuid())\n' +
        '  provenanceKey         String\n' +
        '  sourceType            EvidenceSourceType\n' +
        '  snapshotId            String?\n' +
        '  artifactId            String?\n' +
        '  requirementRevisionId String?\n' +
        '  sourcePath            String?\n' +
        '  startLine             Int?\n' +
        '  endLine               Int?\n' +
        '  excerpt               String\n' +
        '  contentHash           String\n' +
        '  isRedacted            Boolean                @default(false)\n' +
        '  redactionMetadata     Json?\n' +
        '  snapshot              RepositorySnapshot?    @relation(fields: [snapshotId], references: [id])\n' +
        '  artifact              CodeArtifact?          @relation(fields: [artifactId], references: [id])\n' +
        '  requirementRevision   RequirementRevision?   @relation(fields: [requirementRevisionId], references: [id])\n' +
        '  insightEvidence       InsightEvidence[]\n' +
        '  traceabilityEvidence  TraceabilityEvidence[]\n' +
        '  createdAt             DateTime               @default(now())\n' +
        '\n' +
        '  @@unique([provenanceKey])\n' +
        '}\n' +
        '\n' +
        'model Requirement {\n' +
        '  id        String                @id @default(uuid())\n' +
        '  projectId String\n' +
        '  revisions RequirementRevision[]\n' +
        '  project   Project               @relation(fields: [projectId], references: [id])\n' +
        '  createdAt DateTime              @default(now())\n' +
        '  updatedAt DateTime              @updatedAt\n' +
        '}\n' +
        '\n' +
        'model RequirementRevision {\n' +
        '  id               String                     @id @default(uuid())\n' +
        '  requirementId    String\n' +
        '  title            String\n' +
        '  rawText          String\n' +
        '  normalizedText   String\n' +
        '  readinessStatus  RequirementReadinessStatus\n' +
        '  validationIssues Json?\n' +
        '  requirement      Requirement                @relation(fields: [requirementId], references: [id])\n' +
        '  evidences        Evidence[]\n' +
        '  analyses         ImpactAnalysis[]\n' +
        '  createdAt        DateTime                   @default(now())\n' +
        '}\n' +
        '\n' +
        'model ImpactAnalysis {\n' +
        '  id                      String               @id @default(uuid())\n' +
        '  requirementRevisionId   String\n' +
        '  snapshotId              String\n' +
        '  sourceTargetId          String\n' +
        '  requestKey              String\n' +
        '  status                  ImpactAnalysisStatus\n' +
        '  stage                   ImpactAnalysisStage\n' +
        '  progress                Int                  @default(0)\n' +
        '  acceptedPartialCoverage Boolean              @default(false)\n' +
        '  coverageWarning         String?\n' +
        '  requirementRevision     RequirementRevision  @relation(fields: [requirementRevisionId], references: [id])\n' +
        '  snapshot                RepositorySnapshot   @relation(fields: [snapshotId], references: [id])\n' +
        '  sourceTarget            RepositoryTarget     @relation(fields: [sourceTargetId], references: [id])\n' +
        '  insights                BaInsight[]\n' +
        '  traceabilityLinks       TraceabilityLink[]\n' +
        '  documents               GeneratedDocument[]\n' +
        '  createdAt               DateTime             @default(now())\n' +
        '  updatedAt               DateTime             @updatedAt\n' +
        '\n' +
        '  @@unique([requirementRevisionId, snapshotId, sourceTargetId, requestKey])\n' +
        '}\n' +
        '\n' +
        'model BaInsight {\n' +
        '  id               String            @id @default(uuid())\n' +
        '  impactAnalysisId String\n' +
        '  insightKey       String\n' +
        '  insightType      InsightType\n' +
        '  certainty        InsightCertainty\n' +
        '  reviewStatus     ReviewStatus\n' +
        '  confidence       Float?\n' +
        '  title            String\n' +
        '  description      String\n' +
        '  reasoning        String?\n' +
        '  impactAnalysis   ImpactAnalysis    @relation(fields: [impactAnalysisId], references: [id])\n' +
        '  evidenceLinks    InsightEvidence[]\n' +
        '  createdAt        DateTime          @default(now())\n' +
        '  updatedAt        DateTime          @updatedAt\n' +
        '\n' +
        '  @@unique([impactAnalysisId, insightKey])\n' +
        '}\n' +
        '\n' +
        'model InsightEvidence {\n' +
        '  id         String    @id @default(uuid())\n' +
        '  insightId  String\n' +
        '  evidenceId String\n' +
        '  insight    BaInsight @relation(fields: [insightId], references: [id])\n' +
        '  evidence   Evidence  @relation(fields: [evidenceId], references: [id])\n' +
        '\n' +
        '  @@unique([insightId, evidenceId])\n' +
        '}\n' +
        '\n' +
        'model TraceabilityLink {\n' +
        '  id               String                 @id @default(uuid())\n' +
        '  impactAnalysisId String\n' +
        '  artifactId       String\n' +
        '  linkType         TraceabilityLinkType\n' +
        '  linkBasis        TraceabilityLinkBasis\n' +
        '  reviewStatus     ReviewStatus\n' +
        '  confidence       Float?\n' +
        '  impactAnalysis   ImpactAnalysis         @relation(fields: [impactAnalysisId], references: [id])\n' +
        '  artifact         CodeArtifact           @relation(fields: [artifactId], references: [id])\n' +
        '  evidenceLinks    TraceabilityEvidence[]\n' +
        '  createdAt        '... 2330 more characters,
      logEmitter: [EventEmitter],
      logQueries: false,
      logLevel: 'error',
      tracingHelper: fi {}
    },
    _appliedParent: {
      _originalClient: [Object],
      _runtimeDataModel: [Object],
      _requestHandler: [zr [RequestHandler]],
      _connectionPromise: undefined,
      _disconnectionPromise: undefined,
      _engineConfig: [Object],
      _accelerateEngineConfig: [Object],
      _clientVersion: '7.8.0',
      _errorFormat: 'colorless',
      _tracingHelper: fi {},
      _previewFeatures: [],
      _activeProvider: 'postgresql',
      _globalOmit: undefined,
      _extensions: [e],
      _engine: [jt],
      _appliedParent: [Object],
      _createPrismaPromise: [Function (anonymous)],
      '$extends': [Function: Ho],
      pool: [BoundPool],
      constructor: [class PrismaService extends t],
      onModuleInit: [AsyncFunction: onModuleInit],
      onModuleDestroy: [AsyncFunction: onModuleDestroy],
      project: [Object],
      repository: [Object],
      repositoryTarget: [Object],
      repositorySnapshot: [Object],
      scanJob: [Object],
      codeArtifact: [Object],
      dependencyEdge: [Object],
      evidence: [Object],
      requirement: [Object],
      requirementRevision: [Object],
      impactAnalysis: [Object],
      baInsight: [Object],
      insightEvidence: [Object],
      traceabilityLink: [Object],
      traceabilityEvidence: [Object],
      generatedDocument: [Object],
      domainEvent: [Object],
      embeddingChunk: [Object],
      '$parent': [Object],
      Symbol(): [Object]
    },
    _createPrismaPromise: [Function (anonymous)],
    '$extends': [Function: Ho],
    pool: BoundPool {
      _events: [Object: null prototype],
      _eventsCount: 1,
      _maxListeners: undefined,
      options: [Object],
      log: [Function (anonymous)],
      Client: [Function],
      Promise: [Function: Promise],
      _clients: [],
      _idle: [],
      _expired: [WeakSet],
      _pendingQueue: [],
      _endCallback: undefined,
      ending: false,
      ended: false,
      Symbol(shapeMode): false,
      Symbol(kCapture): false
    },
    constructor: [class PrismaService extends t],
    onModuleInit: [AsyncFunction: onModuleInit],
    onModuleDestroy: [AsyncFunction: onModuleDestroy],
    project: {
      findUnique: [Function (anonymous)],
      findUniqueOrThrow: [Function (anonymous)],
      findFirst: [Function (anonymous)],
      findFirstOrThrow: [Function (anonymous)],
      findMany: [Function (anonymous)],
      create: [Function (anonymous)],
      createMany: [Function (anonymous)],
      createManyAndReturn: [Function (anonymous)],
      update: [Function (anonymous)],
      updateMany: [Function (anonymous)],
      updateManyAndReturn: [Function (anonymous)],
      upsert: [Function (anonymous)],
      delete: [Function (anonymous)],
      deleteMany: [Function (anonymous)],
      groupBy: [Function (anonymous)],
      count: [Function (anonymous)],
      aggregate: [Function (anonymous)],
      findRaw: [Function (anonymous)],
      aggregateRaw: [Function (anonymous)],
      fields: {},
      name: 'Project',
      '$name': 'Project',
      '$parent': [Object]
    },
    repository: {
      findUnique: [Function (anonymous)],
      findUniqueOrThrow: [Function (anonymous)],
      findFirst: [Function (anonymous)],
      findFirstOrThrow: [Function (anonymous)],
      findMany: [Function (anonymous)],
      create: [Function (anonymous)],
      createMany: [Function (anonymous)],
      createManyAndReturn: [Function (anonymous)],
      update: [Function (anonymous)],
      updateMany: [Function (anonymous)],
      updateManyAndReturn: [Function (anonymous)],
      upsert: [Function (anonymous)],
      delete: [Function (anonymous)],
      deleteMany: [Function (anonymous)],
      groupBy: [Function (anonymous)],
      count: [Function (anonymous)],
      aggregate: [Function (anonymous)],
      findRaw: [Function (anonymous)],
      aggregateRaw: [Function (anonymous)],
      fields: {},
      name: 'Repository',
      '$name': 'Repository',
      '$parent': [Object]
    },
    repositoryTarget: {
      findUnique: [Function (anonymous)],
      findUniqueOrThrow: [Function (anonymous)],
      findFirst: [Function (anonymous)],
      findFirstOrThrow: [Function (anonymous)],
      findMany: [Function (anonymous)],
      create: [Function (anonymous)],
      createMany: [Function (anonymous)],
      createManyAndReturn: [Function (anonymous)],
      update: [Function (anonymous)],
      updateMany: [Function (anonymous)],
      updateManyAndReturn: [Function (anonymous)],
      upsert: [Function (anonymous)],
      delete: [Function (anonymous)],
      deleteMany: [Function (anonymous)],
      groupBy: [Function (anonymous)],
      count: [Function (anonymous)],
      aggregate: [Function (anonymous)],
      findRaw: [Function (anonymous)],
      aggregateRaw: [Function (anonymous)],
      fields: {},
      name: 'RepositoryTarget',
      '$name': 'RepositoryTarget',
      '$parent': [Object]
    },
    repositorySnapshot: {
      findUnique: [Function (anonymous)],
      findUniqueOrThrow: [Function (anonymous)],
      findFirst: [Function (anonymous)],
      findFirstOrThrow: [Function (anonymous)],
      findMany: [Function (anonymous)],
      create: [Function (anonymous)],
      createMany: [Function (anonymous)],
      createManyAndReturn: [Function (anonymous)],
      update: [Function (anonymous)],
      updateMany: [Function (anonymous)],
      updateManyAndReturn: [Function (anonymous)],
      upsert: [Function (anonymous)],
      delete: [Function (anonymous)],
      deleteMany: [Function (anonymous)],
      groupBy: [Function (anonymous)],
      count: [Function (anonymous)],
      aggregate: [Function (anonymous)],
      findRaw: [Function (anonymous)],
      aggregateRaw: [Function (anonymous)],
      fields: {},
      name: 'RepositorySnapshot',
      '$name': 'RepositorySnapshot',
      '$parent': [Object]
    },
    scanJob: {
      findUnique: [Function (anonymous)],
      findUniqueOrThrow: [Function (anonymous)],
      findFirst: [Function (anonymous)],
      findFirstOrThrow: [Function (anonymous)],
      findMany: [Function (anonymous)],
      create: [Function (anonymous)],
      createMany: [Function (anonymous)],
      createManyAndReturn: [Function (anonymous)],
      update: [Function (anonymous)],
      updateMany: [Function (anonymous)],
      updateManyAndReturn: [Function (anonymous)],
      upsert: [Function (anonymous)],
      delete: [Function (anonymous)],
      deleteMany: [Function (anonymous)],
      groupBy: [Function (anonymous)],
      count: [Function (anonymous)],
      aggregate: [Function (anonymous)],
      findRaw: [Function (anonymous)],
      aggregateRaw: [Function (anonymous)],
      fields: {},
      name: 'ScanJob',
      '$name': 'ScanJob',
      '$parent': [Object]
    },
    codeArtifact: {
      findUnique: [Function (anonymous)],
      findUniqueOrThrow: [Function (anonymous)],
      findFirst: [Function (anonymous)],
      findFirstOrThrow: [Function (anonymous)],
      findMany: [Function (anonymous)],
      create: [Function (anonymous)],
      createMany: [Function (anonymous)],
      createManyAndReturn: [Function (anonymous)],
      update: [Function (anonymous)],
      updateMany: [Function (anonymous)],
      updateManyAndReturn: [Function (anonymous)],
      upsert: [Function (anonymous)],
      delete: [Function (anonymous)],
      deleteMany: [Function (anonymous)],
      groupBy: [Function (anonymous)],
      count: [Function (anonymous)],
      aggregate: [Function (anonymous)],
      findRaw: [Function (anonymous)],
      aggregateRaw: [Function (anonymous)],
      fields: {},
      name: 'CodeArtifact',
      '$name': 'CodeArtifact',
      '$parent': [Object]
    },
    dependencyEdge: {
      findUnique: [Function (anonymous)],
      findUniqueOrThrow: [Function (anonymous)],
      findFirst: [Function (anonymous)],
      findFirstOrThrow: [Function (anonymous)],
      findMany: [Function (anonymous)],
      create: [Function (anonymous)],
      createMany: [Function (anonymous)],
      createManyAndReturn: [Function (anonymous)],
      update: [Function (anonymous)],
      updateMany: [Function (anonymous)],
      updateManyAndReturn: [Function (anonymous)],
      upsert: [Function (anonymous)],
      delete: [Function (anonymous)],
      deleteMany: [Function (anonymous)],
      groupBy: [Function (anonymous)],
      count: [Function (anonymous)],
      aggregate: [Function (anonymous)],
      findRaw: [Function (anonymous)],
      aggregateRaw: [Function (anonymous)],
      fields: {},
      name: 'DependencyEdge',
      '$name': 'DependencyEdge',
      '$parent': [Object]
    },
    evidence: {
      findUnique: [Function (anonymous)],
      findUniqueOrThrow: [Function (anonymous)],
      findFirst: [Function (anonymous)],
      findFirstOrThrow: [Function (anonymous)],
      findMany: [Function (anonymous)],
      create: [Function (anonymous)],
      createMany: [Function (anonymous)],
      createManyAndReturn: [Function (anonymous)],
      update: [Function (anonymous)],
      updateMany: [Function (anonymous)],
      updateManyAndReturn: [Function (anonymous)],
      upsert: [Function (anonymous)],
      delete: [Function (anonymous)],
      deleteMany: [Function (anonymous)],
      groupBy: [Function (anonymous)],
      count: [Function (anonymous)],
      aggregate: [Function (anonymous)],
      findRaw: [Function (anonymous)],
      aggregateRaw: [Function (anonymous)],
      fields: {},
      name: 'Evidence',
      '$name': 'Evidence',
      '$parent': [Object]
    },
    requirement: {
      findUnique: [Function (anonymous)],
      findUniqueOrThrow: [Function (anonymous)],
      findFirst: [Function (anonymous)],
      findFirstOrThrow: [Function (anonymous)],
      findMany: [Function (anonymous)],
      create: [Function (anonymous)],
      createMany: [Function (anonymous)],
      createManyAndReturn: [Function (anonymous)],
      update: [Function (anonymous)],
      updateMany: [Function (anonymous)],
      updateManyAndReturn: [Function (anonymous)],
      upsert: [Function (anonymous)],
      delete: [Function (anonymous)],
      deleteMany: [Function (anonymous)],
      groupBy: [Function (anonymous)],
      count: [Function (anonymous)],
      aggregate: [Function (anonymous)],
      findRaw: [Function (anonymous)],
      aggregateRaw: [Function (anonymous)],
      fields: {},
      name: 'Requirement',
      '$name': 'Requirement',
      '$parent': [Object]
    },
    requirementRevision: {
      findUnique: [Function (anonymous)],
      findUniqueOrThrow: [Function (anonymous)],
      findFirst: [Function (anonymous)],
      findFirstOrThrow: [Function (anonymous)],
      findMany: [Function (anonymous)],
      create: [Function (anonymous)],
      createMany: [Function (anonymous)],
      createManyAndReturn: [Function (anonymous)],
      update: [Function (anonymous)],
      updateMany: [Function (anonymous)],
      updateManyAndReturn: [Function (anonymous)],
      upsert: [Function (anonymous)],
      delete: [Function (anonymous)],
      deleteMany: [Function (anonymous)],
      groupBy: [Function (anonymous)],
      count: [Function (anonymous)],
      aggregate: [Function (anonymous)],
      findRaw: [Function (anonymous)],
      aggregateRaw: [Function (anonymous)],
      fields: {},
      name: 'RequirementRevision',
      '$name': 'RequirementRevision',
      '$parent': [Object]
    },
    impactAnalysis: {
      findUnique: [Function (anonymous)],
      findUniqueOrThrow: [Function (anonymous)],
      findFirst: [Function (anonymous)],
      findFirstOrThrow: [Function (anonymous)],
      findMany: [Function (anonymous)],
      create: [Function (anonymous)],
      createMany: [Function (anonymous)],
      createManyAndReturn: [Function (anonymous)],
      update: [Function (anonymous)],
      updateMany: [Function (anonymous)],
      updateManyAndReturn: [Function (anonymous)],
      upsert: [Function (anonymous)],
      delete: [Function (anonymous)],
      deleteMany: [Function (anonymous)],
      groupBy: [Function (anonymous)],
      count: [Function (anonymous)],
      aggregate: [Function (anonymous)],
      findRaw: [Function (anonymous)],
      aggregateRaw: [Function (anonymous)],
      fields: {},
      name: 'ImpactAnalysis',
      '$name': 'ImpactAnalysis',
      '$parent': [Object]
    },
    baInsight: {
      findUnique: [Function (anonymous)],
      findUniqueOrThrow: [Function (anonymous)],
      findFirst: [Function (anonymous)],
      findFirstOrThrow: [Function (anonymous)],
      findMany: [Function (anonymous)],
      create: [Function (anonymous)],
      createMany: [Function (anonymous)],
      createManyAndReturn: [Function (anonymous)],
      update: [Function (anonymous)],
      updateMany: [Function (anonymous)],
      updateManyAndReturn: [Function (anonymous)],
      upsert: [Function (anonymous)],
      delete: [Function (anonymous)],
      deleteMany: [Function (anonymous)],
      groupBy: [Function (anonymous)],
      count: [Function (anonymous)],
      aggregate: [Function (anonymous)],
      findRaw: [Function (anonymous)],
      aggregateRaw: [Function (anonymous)],
      fields: {},
      name: 'BaInsight',
      '$name': 'BaInsight',
      '$parent': [Object]
    },
    insightEvidence: {
      findUnique: [Function (anonymous)],
      findUniqueOrThrow: [Function (anonymous)],
      findFirst: [Function (anonymous)],
      findFirstOrThrow: [Function (anonymous)],
      findMany: [Function (anonymous)],
      create: [Function (anonymous)],
      createMany: [Function (anonymous)],
      createManyAndReturn: [Function (anonymous)],
      update: [Function (anonymous)],
      updateMany: [Function (anonymous)],
      updateManyAndReturn: [Function (anonymous)],
      upsert: [Function (anonymous)],
      delete: [Function (anonymous)],
      deleteMany: [Function (anonymous)],
      groupBy: [Function (anonymous)],
      count: [Function (anonymous)],
      aggregate: [Function (anonymous)],
      findRaw: [Function (anonymous)],
      aggregateRaw: [Function (anonymous)],
      fields: {},
      name: 'InsightEvidence',
      '$name': 'InsightEvidence',
      '$parent': [Object]
    },
    traceabilityLink: {
      findUnique: [Function (anonymous)],
      findUniqueOrThrow: [Function (anonymous)],
      findFirst: [Function (anonymous)],
      findFirstOrThrow: [Function (anonymous)],
      findMany: [Function (anonymous)],
      create: [Function (anonymous)],
      createMany: [Function (anonymous)],
      createManyAndReturn: [Function (anonymous)],
      update: [Function (anonymous)],
      updateMany: [Function (anonymous)],
      updateManyAndReturn: [Function (anonymous)],
      upsert: [Function (anonymous)],
      delete: [Function (anonymous)],
      deleteMany: [Function (anonymous)],
      groupBy: [Function (anonymous)],
      count: [Function (anonymous)],
      aggregate: [Function (anonymous)],
      findRaw: [Function (anonymous)],
      aggregateRaw: [Function (anonymous)],
      fields: {},
      name: 'TraceabilityLink',
      '$name': 'TraceabilityLink',
      '$parent': [Object]
    },
    traceabilityEvidence: {
      findUnique: [Function (anonymous)],
      findUniqueOrThrow: [Function (anonymous)],
      findFirst: [Function (anonymous)],
      findFirstOrThrow: [Function (anonymous)],
      findMany: [Function (anonymous)],
      create: [Function (anonymous)],
      createMany: [Function (anonymous)],
      createManyAndReturn: [Function (anonymous)],
      update: [Function (anonymous)],
      updateMany: [Function (anonymous)],
      updateManyAndReturn: [Function (anonymous)],
      upsert: [Function (anonymous)],
      delete: [Function (anonymous)],
      deleteMany: [Function (anonymous)],
      groupBy: [Function (anonymous)],
      count: [Function (anonymous)],
      aggregate: [Function (anonymous)],
      findRaw: [Function (anonymous)],
      aggregateRaw: [Function (anonymous)],
      fields: {},
      name: 'TraceabilityEvidence',
      '$name': 'TraceabilityEvidence',
      '$parent': [Object]
    },
    generatedDocument: {
      findUnique: [Function (anonymous)],
      findUniqueOrThrow: [Function (anonymous)],
      findFirst: [Function (anonymous)],
      findFirstOrThrow: [Function (anonymous)],
      findMany: [Function (anonymous)],
      create: [Function (anonymous)],
      createMany: [Function (anonymous)],
      createManyAndReturn: [Function (anonymous)],
      update: [Function (anonymous)],
      updateMany: [Function (anonymous)],
      updateManyAndReturn: [Function (anonymous)],
      upsert: [Function (anonymous)],
      delete: [Function (anonymous)],
      deleteMany: [Function (anonymous)],
      groupBy: [Function (anonymous)],
      count: [Function (anonymous)],
      aggregate: [Function (anonymous)],
      findRaw: [Function (anonymous)],
      aggregateRaw: [Function (anonymous)],
      fields: {},
      name: 'GeneratedDocument',
      '$name': 'GeneratedDocument',
      '$parent': [Object]
    },
    domainEvent: {
      findUnique: [Function (anonymous)],
      findUniqueOrThrow: [Function (anonymous)],
      findFirst: [Function (anonymous)],
      findFirstOrThrow: [Function (anonymous)],
      findMany: [Function (anonymous)],
      create: [Function (anonymous)],
      createMany: [Function (anonymous)],
      createManyAndReturn: [Function (anonymous)],
      update: [Function (anonymous)],
      updateMany: [Function (anonymous)],
      updateManyAndReturn: [Function (anonymous)],
      upsert: [Function (anonymous)],
      delete: [Function (anonymous)],
      deleteMany: [Function (anonymous)],
      groupBy: [Function (anonymous)],
      count: [Function (anonymous)],
      aggregate: [Function (anonymous)],
      findRaw: [Function (anonymous)],
      aggregateRaw: [Function (anonymous)],
      fields: {},
      name: 'DomainEvent',
      '$name': 'DomainEvent',
      '$parent': [Object]
    },
    embeddingChunk: {
      findUnique: [Function (anonymous)],
      findUniqueOrThrow: [Function (anonymous)],
      findFirst: [Function (anonymous)],
      findFirstOrThrow: [Function (anonymous)],
      findMany: [Function (anonymous)],
      create: [Function (anonymous)],
      createMany: [Function (anonymous)],
      createManyAndReturn: [Function (anonymous)],
      update: [Function (anonymous)],
      updateMany: [Function (anonymous)],
      updateManyAndReturn: [Function (anonymous)],
      upsert: [Function (anonymous)],
      delete: [Function (anonymous)],
      deleteMany: [Function (anonymous)],
      groupBy: [Function (anonymous)],
      count: [Function (anonymous)],
      aggregate: [Function (anonymous)],
      findRaw: [Function (anonymous)],
      aggregateRaw: [Function (anonymous)],
      fields: {},
      name: 'EmbeddingChunk',
      '$name': 'EmbeddingChunk',
      '$parent': [Object]
    },
    '$parent': {
      _originalClient: [Object],
      _runtimeDataModel: [Object],
      _requestHandler: [zr [RequestHandler]],
      _connectionPromise: undefined,
      _disconnectionPromise: undefined,
      _engineConfig: [Object],
      _accelerateEngineConfig: [Object],
      _clientVersion: '7.8.0',
      _errorFormat: 'colorless',
      _tracingHelper: fi {},
      _previewFeatures: [],
      _activeProvider: 'postgresql',
      _globalOmit: undefined,
      _extensions: [e],
      _engine: [jt],
      _appliedParent: [Object],
      _createPrismaPromise: [Function (anonymous)],
      '$extends': [Function: Ho],
      pool: [BoundPool],
      constructor: [class PrismaService extends t],
      onModuleInit: [AsyncFunction: onModuleInit],
      onModuleDestroy: [AsyncFunction: onModuleDestroy],
      project: [Object],
      repository: [Object],
      repositoryTarget: [Object],
      repositorySnapshot: [Object],
      scanJob: [Object],
      codeArtifact: [Object],
      dependencyEdge: [Object],
      evidence: [Object],
      requirement: [Object],
      requirementRevision: [Object],
      impactAnalysis: [Object],
      baInsight: [Object],
      insightEvidence: [Object],
      traceabilityLink: [Object],
      traceabilityEvidence: [Object],
      generatedDocument: [Object],
      domainEvent: [Object],
      embeddingChunk: [Object],
      '$parent': [Object],
      Symbol(): [Object]
    },
    Symbol(): {
      _originalClient: [Object],
      _runtimeDataModel: [Object],
      _requestHandler: [zr [RequestHandler]],
      _connectionPromise: undefined,
      _disconnectionPromise: undefined,
      _engineConfig: [Object],
      _accelerateEngineConfig: [Object],
      _clientVersion: '7.8.0',
      _errorFormat: 'colorless',
      _tracingHelper: fi {},
      _previewFeatures: [],
      _activeProvider: 'postgresql',
      _globalOmit: undefined,
      _extensions: [e],
      _engine: [jt],
      _appliedParent: [Object],
      _createPrismaPromise: [Function (anonymous)],
      '$extends': [Function: Ho],
      pool: [BoundPool]
    }
  }
}
[33m[Nest] 22798  - [39m22:32:10 29/05/2026 [33m   WARN[39m [38;5;3m[AppExceptionFilter] [39m[33mAppError [PROJECT_NOT_FOUND]: Project not found. (status: 404)[39m
[33m[Nest] 22798  - [39m22:46:58 29/05/2026 [33m   WARN[39m [38;5;3m[AppExceptionFilter] [39m[33mAppError [PROJECT_NOT_FOUND]: Project not found. (status: 404)[39m
[33m[Nest] 22798  - [39m22:46:58 29/05/2026 [33m   WARN[39m [38;5;3m[AppExceptionFilter] [39m[33mAppError [PROJECT_NOT_FOUND]: Project not found. (status: 404)[39m
[33m[Nest] 22798  - [39m22:46:59 29/05/2026 [33m   WARN[39m [38;5;3m[AppExceptionFilter] [39m[33mAppError [PROJECT_NOT_FOUND]: Project not found. (status: 404)[39m
[33m[Nest] 22798  - [39m22:46:59 29/05/2026 [33m   WARN[39m [38;5;3m[AppExceptionFilter] [39m[33mAppError [PROJECT_NOT_FOUND]: Project not found. (status: 404)[39m
[33m[Nest] 22798  - [39m22:47:01 29/05/2026 [33m   WARN[39m [38;5;3m[AppExceptionFilter] [39m[33mAppError [PROJECT_NOT_FOUND]: Project not found. (status: 404)[39m
[33m[Nest] 22798  - [39m22:47:02 29/05/2026 [33m   WARN[39m [38;5;3m[AppExceptionFilter] [39m[33mAppError [PROJECT_NOT_FOUND]: Project not found. (status: 404)[39m
[33m[Nest] 22798  - [39m22:47:03 29/05/2026 [33m   WARN[39m [38;5;3m[AppExceptionFilter] [39m[33mAppError [PROJECT_NOT_FOUND]: Project not found. (status: 404)[39m
[33m[Nest] 22798  - [39m22:47:05 29/05/2026 [33m   WARN[39m [38;5;3m[AppExceptionFilter] [39m[33mAppError [PROJECT_NOT_FOUND]: Project not found. (status: 404)[39m
[33m[Nest] 22798  - [39m22:47:09 29/05/2026 [33m   WARN[39m [38;5;3m[AppExceptionFilter] [39m[33mAppError [PROJECT_NOT_FOUND]: Project not found. (status: 404)[39m
[33m[Nest] 22798  - [39m22:47:14 29/05/2026 [33m   WARN[39m [38;5;3m[AppExceptionFilter] [39m[33mAppError [PROJECT_NOT_FOUND]: Project not found. (status: 404)[39m
[33m[Nest] 22798  - [39m22:47:15 29/05/2026 [33m   WARN[39m [38;5;3m[AppExceptionFilter] [39m[33mAppError [PROJECT_NOT_FOUND]: Project not found. (status: 404)[39m
[33m[Nest] 22798  - [39m22:47:18 29/05/2026 [33m   WARN[39m [38;5;3m[AppExceptionFilter] [39m[33mAppError [PROJECT_NOT_FOUND]: Project not found. (status: 404)[39m
[33m[Nest] 22798  - [39m22:47:30 29/05/2026 [33m   WARN[39m [38;5;3m[AppExceptionFilter] [39m[33mAppError [PROJECT_NOT_FOUND]: Project not found. (status: 404)[39m
[33m[Nest] 22798  - [39m01:15:19 30/05/2026 [33m   WARN[39m [38;5;3m[AppExceptionFilter] [39m[33mAppError [PROJECT_NOT_FOUND]: Project not found. (status: 404)[39m
[33m[Nest] 22798  - [39m01:15:20 30/05/2026 [33m   WARN[39m [38;5;3m[AppExceptionFilter] [39m[33mAppError [PROJECT_NOT_FOUND]: Project not found. (status: 404)[39m
[33m[Nest] 22798  - [39m01:15:20 30/05/2026 [33m   WARN[39m [38;5;3m[AppExceptionFilter] [39m[33mAppError [PROJECT_NOT_FOUND]: Project not found. (status: 404)[39m
[33m[Nest] 22798  - [39m01:15:21 30/05/2026 [33m   WARN[39m [38;5;3m[AppExceptionFilter] [39m[33mAppError [PROJECT_NOT_FOUND]: Project not found. (status: 404)[39m
[33m[Nest] 22798  - [39m01:15:24 30/05/2026 [33m   WARN[39m [38;5;3m[AppExceptionFilter] [39m[33mAppError [PROJECT_NOT_FOUND]: Project not found. (status: 404)[39m
[33m[Nest] 22798  - [39m01:15:25 30/05/2026 [33m   WARN[39m [38;5;3m[AppExceptionFilter] [39m[33mAppError [PROJECT_NOT_FOUND]: Project not found. (status: 404)[39m
[33m[Nest] 22798  - [39m01:15:27 30/05/2026 [33m   WARN[39m [38;5;3m[AppExceptionFilter] [39m[33mAppError [PROJECT_NOT_FOUND]: Project not found. (status: 404)[39m
[33m[Nest] 22798  - [39m01:15:27 30/05/2026 [33m   WARN[39m [38;5;3m[AppExceptionFilter] [39m[33mAppError [PROJECT_NOT_FOUND]: Project not found. (status: 404)[39m
[33m[Nest] 22798  - [39m01:15:28 30/05/2026 [33m   WARN[39m [38;5;3m[AppExceptionFilter] [39m[33mAppError [PROJECT_NOT_FOUND]: Project not found. (status: 404)[39m
[33m[Nest] 22798  - [39m01:15:30 30/05/2026 [33m   WARN[39m [38;5;3m[AppExceptionFilter] [39m[33mAppError [PROJECT_NOT_FOUND]: Project not found. (status: 404)[39m
[33m[Nest] 22798  - [39m01:15:31 30/05/2026 [33m   WARN[39m [38;5;3m[AppExceptionFilter] [39m[33mAppError [PROJECT_NOT_FOUND]: Project not found. (status: 404)[39m
