src/modules/document/api/document.controller.ts(1,46): error TS2300: Duplicate identifier 'Res'.
src/modules/document/api/document.controller.ts(18,10): error TS2300: Duplicate identifier 'Res'.
src/modules/document/application/create-reviewed-report-snapshot.usecase.ts(63,11): error TS2322: Type 'null' is not assignable to type 'string'.
src/modules/document/application/create-reviewed-report-snapshot.usecase.ts(66,11): error TS2322: Type 'EvaluationContext | null' is not assignable to type 'InputJsonValue | NullableJsonNullValueInput | undefined'.
  Type 'null' is not assignable to type 'InputJsonValue | NullableJsonNullValueInput | undefined'.
src/modules/document/application/enqueue-document-job.usecase.ts(94,13): error TS2322: Type 'null' is not assignable to type 'InputJsonValue | NullableJsonNullValueInput | undefined'.
src/modules/document/document.module.ts(24,35): error TS2307: Cannot find module './worker/document-job.worker' or its corresponding type declarations.
src/modules/impact-analysis/api/impact-analysis.controller.ts(413,58): error TS2345: Argument of type '{ analysisId: string; acknowledgeUnreviewed: boolean; }' is not assignable to parameter of type '{ analysisId: string; acknowledgeUnreviewed: boolean; userId: string; }'.
  Property 'userId' is missing in type '{ analysisId: string; acknowledgeUnreviewed: boolean; }' but required in type '{ analysisId: string; acknowledgeUnreviewed: boolean; userId: string; }'.
src/modules/impact-analysis/application/lifecycle/finalize-impact-analysis.usecase.spec.ts(98,7): error TS2554: Expected 5 arguments, but got 11.
src/modules/impact-analysis/application/lifecycle/finalize-impact-analysis.usecase.spec.ts(162,42): error TS2345: Argument of type '{ analysisId: string; acknowledgeUnreviewed: boolean; }' is not assignable to parameter of type '{ analysisId: string; acknowledgeUnreviewed: boolean; userId: string; }'.
  Property 'userId' is missing in type '{ analysisId: string; acknowledgeUnreviewed: boolean; }' but required in type '{ analysisId: string; acknowledgeUnreviewed: boolean; userId: string; }'.
src/modules/impact-analysis/application/lifecycle/finalize-impact-analysis.usecase.spec.ts(197,27): error TS2345: Argument of type '{ analysisId: string; acknowledgeUnreviewed: boolean; }' is not assignable to parameter of type '{ analysisId: string; acknowledgeUnreviewed: boolean; userId: string; }'.
src/modules/impact-analysis/application/lifecycle/finalize-impact-analysis.usecase.spec.ts(216,34): error TS2345: Argument of type '{ analysisId: string; acknowledgeUnreviewed: boolean; }' is not assignable to parameter of type '{ analysisId: string; acknowledgeUnreviewed: boolean; userId: string; }'.
src/modules/impact-analysis/application/lifecycle/finalize-impact-analysis.usecase.spec.ts(230,34): error TS2345: Argument of type '{ analysisId: string; acknowledgeUnreviewed: boolean; }' is not assignable to parameter of type '{ analysisId: string; acknowledgeUnreviewed: boolean; userId: string; }'.
src/modules/impact-analysis/application/lifecycle/finalize-impact-analysis.usecase.spec.ts(239,34): error TS2345: Argument of type '{ analysisId: string; acknowledgeUnreviewed: boolean; }' is not assignable to parameter of type '{ analysisId: string; acknowledgeUnreviewed: boolean; userId: string; }'.
src/modules/impact-analysis/application/lifecycle/finalize-impact-analysis.usecase.spec.ts(257,27): error TS2345: Argument of type '{ analysisId: string; acknowledgeUnreviewed: true; }' is not assignable to parameter of type '{ analysisId: string; acknowledgeUnreviewed: boolean; userId: string; }'.
  Property 'userId' is missing in type '{ analysisId: string; acknowledgeUnreviewed: true; }' but required in type '{ analysisId: string; acknowledgeUnreviewed: boolean; userId: string; }'.
src/modules/impact-analysis/application/review/create-analysis-review-decision.usecase.spec.ts(74,15): error TS2554: Expected 11 arguments, but got 10.
src/modules/impact-analysis/worker/document-job.worker.ts(4,45): error TS2307: Cannot find module '../application/markdown-impact-report.builder' or its corresponding type declarations.
src/modules/impact-analysis/worker/document-job.worker.ts(12,36): error TS2307: Cannot find module '../infrastructure/document.repository' or its corresponding type declarations.
/home/diphungthinh/Desktop/BA_helper_test/apps/api:
[ERR_PNPM_RECURSIVE_RUN_FIRST_FAIL] @ba-helper/api@0.1.0 typecheck: `tsc --noEmit`
Exit status 2
